Java HotSpot(TM) 64-Bit Server VM (25.111-b14) for windows-amd64 JRE (1.8.0_111-b14), built on Sep 22 2016 19:24:05 by "java_re" with MS VC++ 10.0 (VS2010)
Memory: 4k page, physical 4104072k(925924k free), swap 13518416k(4091484k free)
CommandLine flags: -XX:InitialHeapSize=65665152 -XX:MaxHeapSize=1050642432 -XX:+PrintGC -XX:+PrintGCDetails -XX:+PrintGCTimeStamps -XX:+UseCompressedClassPointers -XX:+UseCompressedOops -XX:-UseLargePagesIndividualAllocation -XX:+UseParallelGC 
7.996: [GC (Allocation Failure) [PSYoungGen: 16384K->2536K(18944K)] 16384K->2697K(62976K), 0.0063458 secs] [Times: user=0.00 sys=0.00, real=0.01 secs] 
8.069: [GC (Allocation Failure) [PSYoungGen: 18920K->2536K(18944K)] 19081K->3113K(62976K), 0.0061596 secs] [Times: user=0.00 sys=0.00, real=0.01 secs] 
8.182: [GC (Allocation Failure) [PSYoungGen: 18920K->2552K(18944K)] 19497K->3532K(62976K), 0.0049154 secs] [Times: user=0.00 sys=0.00, real=0.00 secs] 
8.237: [GC (Allocation Failure) [PSYoungGen: 18936K->2536K(35328K)] 19916K->3892K(79360K), 0.0086490 secs] [Times: user=0.06 sys=0.00, real=0.01 secs] 
8.377: [GC (Allocation Failure) [PSYoungGen: 35304K->2556K(35328K)] 36660K->4633K(79360K), 0.0072462 secs] [Times: user=0.06 sys=0.00, real=0.01 secs] 
8.479: [GC (Allocation Failure) [PSYoungGen: 35324K->3327K(69120K)] 37401K->5411K(113152K), 0.0058923 secs] [Times: user=0.00 sys=0.00, real=0.01 secs] 
8.623: [GC (Allocation Failure) [PSYoungGen: 68863K->2834K(69120K)] 70947K->6798K(113152K), 0.0122983 secs] [Times: user=0.03 sys=0.00, real=0.01 secs] 
8.768: [GC (Allocation Failure) [PSYoungGen: 68370K->3579K(134144K)] 72334K->8135K(178176K), 0.0084284 secs] [Times: user=0.06 sys=0.00, real=0.01 secs] 
9.019: [GC (Allocation Failure) [PSYoungGen: 134139K->4089K(134656K)] 138695K->10933K(178688K), 0.0095359 secs] [Times: user=0.05 sys=0.02, real=0.01 secs] 
9.265: [GC (Allocation Failure) [PSYoungGen: 134649K->5109K(212480K)] 141493K->13938K(256512K), 0.0102343 secs] [Times: user=0.06 sys=0.00, real=0.01 secs] 
9.724: [GC (Allocation Failure) [PSYoungGen: 212469K->4192K(214016K)] 221298K->18154K(258048K), 0.0197670 secs] [Times: user=0.11 sys=0.02, real=0.02 secs] 
10.073: [GC (Allocation Failure) [PSYoungGen: 211552K->4672K(335360K)] 225514K->22802K(379392K), 0.0160977 secs] [Times: user=0.06 sys=0.00, real=0.02 secs] 
11.106: [GC (Allocation Failure) [PSYoungGen: 333376K->6641K(335360K)] 351506K->30403K(379392K), 0.0207476 secs] [Times: user=0.05 sys=0.00, real=0.02 secs] 
11.691: [GC (Allocation Failure) [PSYoungGen: 335345K->6656K(329216K)] 359107K->37083K(373248K), 0.0220367 secs] [Times: user=0.09 sys=0.00, real=0.02 secs] 
12.209: [GC (Allocation Failure) [PSYoungGen: 329216K->7497K(330240K)] 359643K->44549K(374272K), 0.0511096 secs] [Times: user=0.03 sys=0.08, real=0.05 secs] 
12.260: [Full GC (Ergonomics) [PSYoungGen: 7497K->0K(330240K)] [ParOldGen: 37051K->42546K(75264K)] 44549K->42546K(405504K), [Metaspace: 9519K->9519K(1058816K)], 0.5476082 secs] [Times: user=1.09 sys=0.02, real=0.55 secs] 
13.353: [GC (Allocation Failure) [PSYoungGen: 322560K->8608K(330752K)] 365106K->51154K(406016K), 0.0180422 secs] [Times: user=0.06 sys=0.00, real=0.02 secs] 
13.908: [GC (Allocation Failure) [PSYoungGen: 329120K->7934K(328704K)] 371666K->59049K(403968K), 0.0251428 secs] [Times: user=0.13 sys=0.00, real=0.03 secs] 
14.437: [GC (Allocation Failure) [PSYoungGen: 328446K->6592K(330752K)] 379561K->65601K(406016K), 0.0262047 secs] [Times: user=0.13 sys=0.00, real=0.03 secs] 
15.176: [GC (Allocation Failure) [PSYoungGen: 326080K->6528K(326144K)] 385089K->72073K(401408K), 0.0428981 secs] [Times: user=0.09 sys=0.06, real=0.04 secs] 
15.219: [Full GC (Ergonomics) [PSYoungGen: 6528K->0K(326144K)] [ParOldGen: 65545K->69953K(121856K)] 72073K->69953K(448000K), [Metaspace: 9538K->9538K(1058816K)], 0.4228099 secs] [Times: user=0.80 sys=0.00, real=0.42 secs] 
16.152: [GC (Allocation Failure) [PSYoungGen: 319488K->6528K(330240K)] 389441K->76481K(452096K), 0.0166272 secs] [Times: user=0.06 sys=0.00, real=0.02 secs] 
16.736: [GC (Allocation Failure) [PSYoungGen: 326016K->10750K(330240K)] 395969K->84999K(452096K), 0.0281944 secs] [Times: user=0.09 sys=0.00, real=0.03 secs] 
118.867: [GC (Allocation Failure) [PSYoungGen: 330238K->7360K(328192K)] 404487K->92391K(450048K), 0.0348868 secs] [Times: user=0.09 sys=0.00, real=0.04 secs] 
